------------------------------------------------------------
Timing Analyzer Summary
------------------------------------------------------------

Type  : Slow 1200mV 85C Model Setup 'cpu_clk'
Slack : -4.547
TNS   : -39.131

Type  : Slow 1200mV 85C Model Setup 'CLOCK_50'
Slack : 5.159
TNS   : 0.000

Type  : Slow 1200mV 85C Model Setup 'altera_reserved_tck'
Slack : 42.058
TNS   : 0.000

Type  : Slow 1200mV 85C Model Setup 'io_clk'
Slack : 87.726
TNS   : 0.000

Type  : Slow 1200mV 85C Model Hold 'cpu_clk'
Slack : 0.242
TNS   : 0.000

Type  : Slow 1200mV 85C Model Hold 'CLOCK_50'
Slack : 0.299
TNS   : 0.000

Type  : Slow 1200mV 85C Model Hold 'io_clk'
Slack : 0.357
TNS   : 0.000

Type  : Slow 1200mV 85C Model Hold 'altera_reserved_tck'
Slack : 0.358
TNS   : 0.000

Type  : Slow 1200mV 85C Model Recovery 'cpu_clk'
Slack : 4.216
TNS   : 0.000

Type  : Slow 1200mV 85C Model Recovery 'CLOCK_50'
Slack : 17.965
TNS   : 0.000

Type  : Slow 1200mV 85C Model Recovery 'altera_reserved_tck'
Slack : 47.585
TNS   : 0.000

Type  : Slow 1200mV 85C Model Recovery 'io_clk'
Slack : 96.898
TNS   : 0.000

Type  : Slow 1200mV 85C Model Removal 'CLOCK_50'
Slack : 0.939
TNS   : 0.000

Type  : Slow 1200mV 85C Model Removal 'altera_reserved_tck'
Slack : 1.186
TNS   : 0.000

Type  : Slow 1200mV 85C Model Removal 'io_clk'
Slack : 1.834
TNS   : 0.000

Type  : Slow 1200mV 85C Model Removal 'cpu_clk'
Slack : 2.988
TNS   : 0.000

Type  : Slow 1200mV 85C Model Minimum Pulse Width 'cpu_clk'
Slack : 4.693
TNS   : 0.000

Type  : Slow 1200mV 85C Model Minimum Pulse Width 'CLOCK_50'
Slack : 9.489
TNS   : 0.000

Type  : Slow 1200mV 85C Model Minimum Pulse Width 'altera_reserved_tck'
Slack : 49.496
TNS   : 0.000

Type  : Slow 1200mV 85C Model Minimum Pulse Width 'io_clk'
Slack : 49.744
TNS   : 0.000

Type  : Slow 1200mV 0C Model Setup 'cpu_clk'
Slack : -3.564
TNS   : -18.977

Type  : Slow 1200mV 0C Model Setup 'CLOCK_50'
Slack : 5.619
TNS   : 0.000

Type  : Slow 1200mV 0C Model Setup 'altera_reserved_tck'
Slack : 42.979
TNS   : 0.000

Type  : Slow 1200mV 0C Model Setup 'io_clk'
Slack : 88.855
TNS   : 0.000

Type  : Slow 1200mV 0C Model Hold 'cpu_clk'
Slack : 0.241
TNS   : 0.000

Type  : Slow 1200mV 0C Model Hold 'CLOCK_50'
Slack : 0.292
TNS   : 0.000

Type  : Slow 1200mV 0C Model Hold 'altera_reserved_tck'
Slack : 0.311
TNS   : 0.000

Type  : Slow 1200mV 0C Model Hold 'io_clk'
Slack : 0.312
TNS   : 0.000

Type  : Slow 1200mV 0C Model Recovery 'cpu_clk'
Slack : 4.853
TNS   : 0.000

Type  : Slow 1200mV 0C Model Recovery 'CLOCK_50'
Slack : 18.191
TNS   : 0.000

Type  : Slow 1200mV 0C Model Recovery 'altera_reserved_tck'
Slack : 47.896
TNS   : 0.000

Type  : Slow 1200mV 0C Model Recovery 'io_clk'
Slack : 97.259
TNS   : 0.000

Type  : Slow 1200mV 0C Model Removal 'CLOCK_50'
Slack : 0.847
TNS   : 0.000

Type  : Slow 1200mV 0C Model Removal 'altera_reserved_tck'
Slack : 1.082
TNS   : 0.000

Type  : Slow 1200mV 0C Model Removal 'io_clk'
Slack : 1.630
TNS   : 0.000

Type  : Slow 1200mV 0C Model Removal 'cpu_clk'
Slack : 2.700
TNS   : 0.000

Type  : Slow 1200mV 0C Model Minimum Pulse Width 'cpu_clk'
Slack : 4.718
TNS   : 0.000

Type  : Slow 1200mV 0C Model Minimum Pulse Width 'CLOCK_50'
Slack : 9.490
TNS   : 0.000

Type  : Slow 1200mV 0C Model Minimum Pulse Width 'altera_reserved_tck'
Slack : 49.446
TNS   : 0.000

Type  : Slow 1200mV 0C Model Minimum Pulse Width 'io_clk'
Slack : 49.740
TNS   : 0.000

Type  : Fast 1200mV 0C Model Setup 'cpu_clk'
Slack : -0.670
TNS   : -1.730

Type  : Fast 1200mV 0C Model Setup 'CLOCK_50'
Slack : 6.963
TNS   : 0.000

Type  : Fast 1200mV 0C Model Setup 'altera_reserved_tck'
Slack : 45.583
TNS   : 0.000

Type  : Fast 1200mV 0C Model Setup 'io_clk'
Slack : 92.915
TNS   : 0.000

Type  : Fast 1200mV 0C Model Hold 'cpu_clk'
Slack : 0.109
TNS   : 0.000

Type  : Fast 1200mV 0C Model Hold 'CLOCK_50'
Slack : 0.145
TNS   : 0.000

Type  : Fast 1200mV 0C Model Hold 'altera_reserved_tck'
Slack : 0.186
TNS   : 0.000

Type  : Fast 1200mV 0C Model Hold 'io_clk'
Slack : 0.186
TNS   : 0.000

Type  : Fast 1200mV 0C Model Recovery 'cpu_clk'
Slack : 6.554
TNS   : 0.000

Type  : Fast 1200mV 0C Model Recovery 'CLOCK_50'
Slack : 18.802
TNS   : 0.000

Type  : Fast 1200mV 0C Model Recovery 'altera_reserved_tck'
Slack : 48.854
TNS   : 0.000

Type  : Fast 1200mV 0C Model Recovery 'io_clk'
Slack : 98.165
TNS   : 0.000

Type  : Fast 1200mV 0C Model Removal 'CLOCK_50'
Slack : 0.515
TNS   : 0.000

Type  : Fast 1200mV 0C Model Removal 'altera_reserved_tck'
Slack : 0.647
TNS   : 0.000

Type  : Fast 1200mV 0C Model Removal 'io_clk'
Slack : 1.078
TNS   : 0.000

Type  : Fast 1200mV 0C Model Removal 'cpu_clk'
Slack : 1.748
TNS   : 0.000

Type  : Fast 1200mV 0C Model Minimum Pulse Width 'cpu_clk'
Slack : 4.748
TNS   : 0.000

Type  : Fast 1200mV 0C Model Minimum Pulse Width 'CLOCK_50'
Slack : 9.209
TNS   : 0.000

Type  : Fast 1200mV 0C Model Minimum Pulse Width 'altera_reserved_tck'
Slack : 49.297
TNS   : 0.000

Type  : Fast 1200mV 0C Model Minimum Pulse Width 'io_clk'
Slack : 49.752
TNS   : 0.000

------------------------------------------------------------
